// Jest Snapshot v1, https://goo.gl/fbAQLP

exports[`renders without crashing 1`] = `
<div
  className="App"
>
  <header
    className="App-header"
  >
    Datatable
  </header>
  <input
    onChange={[Function]}
    placeholder="Search any term..."
    style={
      Object {
        "fontSize": "24px",
        "height": "30px",
        "width": "100%",
      }
    }
    type="text"
  />
  <div
    onScroll={[Function]}
    style={
      Object {
        "clear": "both",
        "fontSize": "10px",
        "margin": "0 auto",
        "maxHeight": "400px",
        "overflow": "scroll",
      }
    }
  >
    <table
      style={
        Object {
          "width": "100%",
        }
      }
    >
      <thead
        style={
          Object {
            "background": "#ccc",
            "border": "none",
            "position": "sticky",
            "top": "0px",
          }
        }
      >
        <tr>
          <th>
            <input
              checked={false}
              onClick={[Function]}
              type="checkbox"
            />
          </th>
          <th>
            AlbumId
          </th>
          <th>
            id
          </th>
          <th>
            thumbnailUrl
          </th>
          <th>
            Title
          </th>
        </tr>
      </thead>
      <tbody />
    </table>
  </div>
  <div>
    <span
      style={
        Object {
          "fontSize": "24px",
          "textAlign": "center",
          "width": "100%",
        }
      }
    >
      No data found
    </span>
  </div>
</div>
`;
